[www.noitadadesexo.com/index.html]
[backblue.gif]
[fade.gif]
[index.html]
[www.noitadadesexo.com/assets/b4f5f1a9/noitadadesexo_favicon-144.jpg]
[www.noitadadesexo.com/assets/d8643d08/logoNoitadaDeSexoBlack.svg]
[www.noitadadesexo.com/landing/resource/id/b4cb72deb2587dc0312bc4f3e4db173a.css]
[www.noitadadesexo.com/assets/345eeebc/noitadadesexo_favicon.ico]
[www.noitadadesexo.com/assets/726f10d3/logoNoitadaDeSexoWhite.svg]
[www.noitadadesexo.com/c3RhdGljUGFnZS9wcml2YWN5cG9saWN5bm9pdGFkYWRlc2V4by5jb20=.html]
[www.noitadadesexo.com/c3RhdGljUGFnZS90ZXJtc25vaXRhZGFkZXNleG8uY29t.html]
[www.noitadadesexo.com/staticPage/terms.html]
[www.noitadadesexo.com/staticPage/billingpolicy]
[www.noitadadesexo.com/staticPage/dnsmpi.html]
[www.noitadadesexo.com/staticPage/digitalServiceAct.html]
[www.noitadadesexo.com/staticPage/termsf0c1.html]
[www.noitadadesexo.com/staticPage/imprint.html]
[www.noitadadesexo.com/support/contactUs.html]
[www.noitadadesexo.com/assets/1b3d1ccf/c_f113d4f7f7c11d088d6c4c115a4ca317.js]
[www.noitadadesexo.com/landing/resource/id/7e07ccf105aa2d846260632a82cadef9.js]
[www.noitadadesexo.com/POST]
[www.noitadadesexo.com/index.html]
[www.noitadadesexo.com/assets/d8643d08/logoNoitadaDeSexoBlack.svg]
[www.noitadadesexo.com/landing/font/id/noto-sans-jp-latin-regular.woff2]
[www.noitadadesexo.com/landing/font/id/noto-sans-jp-latin-regular.woff]
[www.noitadadesexo.com/landing/font/id/noto-sans-jp-latin-500.woff2]
[www.noitadadesexo.com/landing/font/id/noto-sans-jp-latin-500.woff]
[www.noitadadesexo.com/landing/font/id/Love_is_material.woff2]
[www.noitadadesexo.com/landing/font/id/Love_is_material.woff]
[www.noitadadesexo.com/landing/resource/id/861ed52744261dbdd4c2d98de28f8fab.png]
[www.noitadadesexo.com/landing/resource/id/545c1b863b345733f0c55b767b41e24f.png]
[www.noitadadesexo.com/landing/resource/id/7baf0d5b23cb7ed5e9d47db4ca442ee9.png]
[www.noitadadesexo.com/landing/resource/id/18b51f4c48f76ad35dd20bda9738e889.png]
[www.noitadadesexo.com/landing/resource/id/b4cb72deb2587dc0312bc4f3e4db173a.css]
[www.noitadadesexo.com/assets/726f10d3/logoNoitadaDeSexoWhite.svg]
[www.noitadadesexo.com/c3RhdGljUGFnZS9wcml2YWN5cG9saWN5bm9pdGFkYWRlc2V4by5jb20=.html]
[www.noitadadesexo.com/c3RhdGljUGFnZS90ZXJtc25vaXRhZGFkZXNleG8uY29t.html]
[www.noitadadesexo.com/staticPage/terms.html]
[www.noitadadesexo.com/staticPage/billingpolicy.html]
[www.noitadadesexo.com/staticPage/dnsmpi.html]
[www.noitadadesexo.com/staticPage/digitalServiceAct.html]
[www.noitadadesexo.com/staticPage/termsf0c1.html]
[www.noitadadesexo.com/staticPage/imprint.html]
[www.noitadadesexo.com/support/contactUs.html]
[www.noitadadesexo.com/POST.html]
